units_sold_data.csv
Date,StoreID,ProductID,Category,Region,InventoryLevel,Units_sold,UnitsOrdered,BasePrice,Promotion,Price
02-09-2023,S001,P0015,Electronics,East,102,6,1,10,0,10
03-09-2023,S001,P0015,Electronics,East,97,30,13,10,0,10
04-09-2023,S001,P0015,Electronics,East,80,24,40,10,10,9
05-09-2023,S001,P0015,Electronics,East,96,32,30,10,20,8
06-09-2023,S001,P0015,Electronics,East,94,26,36,10,5,9.5
07-09-2023,S001,P0015,Electronics,East,104,2,15,10,0,10
08-09-2023,S001,P0015,Electronics,East,117,10,20,10,20,8
09-09-2023,S001,P0015,Electronics,East,127,36,2,10,15,8.5
10-09-2023,S001,P0015,Electronics,East,93,2,12,10,5,9.5
11-09-2023,S001,P0015,Electronics,East,103,34,38,10,5,9.5
12-09-2023,S001,P0015,Electronics,East,107,12,40,10,20,8
13-09-2023,S001,P0015,Electronics,East,135,18,27,10,0,10
14-09-2023,S001,P0015,Electronics,East,144,20,27,10,0,10
15-09-2023,S001,P0015,Electronics,East,151,58,20,10,15,8.5
16-09-2023,S001,P0015,Electronics,East,113,15,22,10,0,10
17-09-2023,S001,P0015,Electronics,East,120,2,22,10,5,9.5
18-09-2023,S001,P0015,Electronics,East,140,27,3,10,0,10
19-09-2023,S001,P0015,Electronics,East,116,38,42,10,15,8.5
20-09-2023,S001,P0015,Electronics,East,120,60,44,10,10,9
21-09-2023,S001,P0015,Electronics,East,104,6,50,10,20,8
22-09-2023,S001,P0015,Electronics,East,148,26,12,10,0,10
23-09-2023,S001,P0015,Electronics,East,134,23,4,10,0,10
24-09-2023,S001,P0015,Electronics,East,115,26,12,10,10,9
25-09-2023,S001,P0015,Electronics,East,101,24,10,10,20,8
26-09-2023,S001,P0015,Electronics,East,87,3,15,10,0,10
27-09-2023,S001,P0015,Electronics,East,99,28,8,10,20,8
28-09-2023,S001,P0015,Electronics,East,79,28,22,10,5,9.5
29-09-2023,S001,P0015,Electronics,East,73,28,58,10,15,8.5
30-09-2023,S001,P0015,Electronics,East,103,18,10,10,15,8.5
01-10-2023,S001,P0015,Electronics,East,95,15,5,10,0,10
02-10-2023,S001,P0015,Electronics,East,85,12,46,10,15,8.5
03-10-2023,S001,P0015,Electronics,East,119,0,6,10,20,8
04-10-2023,S001,P0015,Electronics,East,125,40,26,10,15,8.5
05-10-2023,S001,P0015,Electronics,East,111,38,34,10,15,8.5
06-10-2023,S001,P0015,Electronics,East,107,44,40,10,10,9
07-10-2023,S001,P0015,Electronics,East,103,20,30,10,15,8.5
08-10-2023,S001,P0015,Electronics,East,113,50,44,10,5,9.5
09-10-2023,S001,P0015,Electronics,East,107,34,0,10,10,9
10-10-2023,S001,P0015,Electronics,East,73,30,14,10,20,8
11-10-2023,S001,P0015,Electronics,East,57,0,58,10,20,8
12-10-2023,S001,P0015,Electronics,East,115,6,16,10,5,9.5
13-10-2023,S001,P0015,Electronics,East,125,52,52,10,10,9
14-10-2023,S001,P0015,Electronics,East,125,10,22,10,20,8
15-10-2023,S001,P0015,Electronics,East,137,26,1,10,0,10
16-10-2023,S001,P0015,Electronics,East,112,14,40,10,20,8
17-10-2023,S001,P0015,Electronics,East,138,0,12,10,15,8.5
18-10-2023,S001,P0015,Electronics,East,150,58,36,10,15,8.5
19-10-2023,S001,P0015,Electronics,East,128,8,12,10,10,9
20-10-2023,S001,P0015,Electronics,East,132,24,11,10,0,10
21-10-2023,S001,P0015,Electronics,East,119,32,56,10,15,8.5
22-10-2023,S001,P0015,Electronics,East,143,28,10,10,0,10
23-10-2023,S001,P0015,Electronics,East,125,2,14,10,5,9.5
24-10-2023,S001,P0015,Electronics,East,137,16,9,10,0,10
25-10-2023,S001,P0015,Electronics,East,130,8,24,10,15,8.5
26-10-2023,S001,P0015,Electronics,East,146,6,6,10,10,9
27-10-2023,S001,P0015,Electronics,East,146,54,8,10,10,9
28-10-2023,S001,P0015,Electronics,East,100,30,50,10,10,9
29-10-2023,S001,P0015,Electronics,East,120,13,30,10,0,10
30-10-2023,S001,P0015,Electronics,East,137,2,28,10,5,9.5
31-10-2023,S001,P0015,Electronics,East,163,24,32,10,5,9.5
01-11-2023,S001,P0015,Electronics,East,171,50,32,10,15,8.5
02-11-2023,S001,P0015,Electronics,East,153,12,26,10,15,8.5
03-11-2023,S001,P0015,Electronics,East,167,4,24,10,5,9.5
04-11-2023,S001,P0015,Electronics,East,187,32,44,10,5,9.5
05-11-2023,S001,P0015,Electronics,East,199,4,30,10,20,8
06-11-2023,S001,P0015,Electronics,East,225,2,40,10,20,8
07-11-2023,S001,P0015,Electronics,East,263,11,16,10,0,10
08-11-2023,S001,P0015,Electronics,East,268,27,18,10,0,10
09-11-2023,S001,P0015,Electronics,East,259,60,24,10,20,8
10-11-2023,S001,P0015,Electronics,East,223,18,44,10,20,8
11-11-2023,S001,P0015,Electronics,East,249,44,24,10,20,8
12-11-2023,S001,P0015,Electronics,East,229,36,22,10,5,9.5
13-11-2023,S001,P0015,Electronics,East,215,26,20,10,20,8
14-11-2023,S001,P0015,Electronics,East,209,20,52,10,5,9.5
15-11-2023,S001,P0015,Electronics,East,241,4,42,10,20,8
16-11-2023,S001,P0015,Electronics,East,279,23,17,10,0,10
17-11-2023,S001,P0015,Electronics,East,273,34,0,10,10,9
18-11-2023,S001,P0015,Electronics,East,239,54,52,10,10,9
19-11-2023,S001,P0015,Electronics,East,237,38,18,10,15,8.5
20-11-2023,S001,P0015,Electronics,East,217,25,20,10,0,10
21-11-2023,S001,P0015,Electronics,East,212,34,32,10,10,9
22-11-2023,S001,P0015,Electronics,East,210,48,40,10,10,9
23-11-2023,S001,P0015,Electronics,East,202,29,3,10,0,10
24-11-2023,S001,P0015,Electronics,East,176,0,22,10,15,8.5
25-11-2023,S001,P0015,Electronics,East,198,2,28,10,0,10
26-11-2023,S001,P0015,Electronics,East,224,24,56,10,15,8.5
27-11-2023,S001,P0015,Electronics,East,256,24,12,10,5,9.5
28-11-2023,S001,P0015,Electronics,East,244,38,32,10,20,8
29-11-2023,S001,P0015,Electronics,East,238,34,48,10,20,8
30-11-2023,S001,P0015,Electronics,East,252,2,25,10,0,10
01-12-2023,S001,P0015,Electronics,East,275,24,28,10,15,8.5
02-12-2023,S001,P0015,Electronics,East,279,24,0,10,10,9
03-12-2023,S001,P0015,Electronics,East,255,0,16,10,10,9
04-12-2023,S001,P0015,Electronics,East,271,40,54,10,5,9.5
05-12-2023,S001,P0015,Electronics,East,285,60,38,10,10,9
06-12-2023,S001,P0015,Electronics,East,263,10,58,10,5,9.5
07-12-2023,S001,P0015,Electronics,East,311,32,16,10,5,9.5
08-12-2023,S001,P0015,Electronics,East,295,48,2,10,15,8.5
09-12-2023,S001,P0015,Electronics,East,249,54,12,10,10,9
10-12-2023,S001,P0015,Electronics,East,207,8,34,10,10,9
